2026-10-06 11:53:03,257 [INFO] Memulai Phase 7: Generating Reconciliation, Duplicate, Overlap & Audit Reports
2026-10-06 11:53:03,846 [INFO] Generating dataset_reconciliation.csv...
2026-10-06 11:53:04,275 [INFO] Saved data/audit/dataset_reconciliation.csv
2026-10-06 11:53:04,275 [INFO] Generating cross_dataset_overlap.csv...
2026-10-06 11:53:05,110 [INFO] Saved data/audit/cross_dataset_overlap.csv
2026-10-06 11:53:05,111 [INFO] Generating duplicate_summary.csv and duplicate_groups.csv...
2026-10-06 11:53:05,155 [INFO] Saved data/audit/duplicate_summary.csv
2026-10-06 11:53:11,899 [INFO] Saved data/audit/duplicate_groups.csv
2026-10-06 11:53:11,899 [INFO] Generating data_quality_report.md...
2026-10-06 11:53:32,141 [INFO] Memulai Phase 7: Generating Reconciliation, Duplicate, Overlap & Audit Reports
2026-10-06 11:53:32,853 [INFO] Generating dataset_reconciliation.csv...
2026-10-06 11:53:33,291 [INFO] Saved data/audit/dataset_reconciliation.csv
2026-10-06 11:53:33,292 [INFO] Generating cross_dataset_overlap.csv...
2026-10-06 11:53:34,192 [INFO] Saved data/audit/cross_dataset_overlap.csv
2026-10-06 11:53:34,192 [INFO] Generating duplicate_summary.csv and duplicate_groups.csv...
2026-10-06 11:53:34,236 [INFO] Saved data/audit/duplicate_summary.csv
2026-10-06 11:53:41,751 [INFO] Saved data/audit/duplicate_groups.csv
2026-10-06 11:53:41,752 [INFO] Generating data_quality_report.md...
2026-10-06 11:53:41,842 [INFO] Saved data/audit/data_quality_report.md
2026-10-06 11:53:41,842 [INFO] Generating dataset_audit_summary.md...
2026-10-06 11:53:41,929 [INFO] Saved data/audit/dataset_audit_summary.md
2026-10-06 11:53:41,929 [INFO] Generating labeling_guideline.md...
2026-10-06 11:53:41,938 [INFO] Saved labeling_guideline.md
