2026-10-06 19:53:54,971 [INFO] Memulai Phase 10: Build Leakage-Safe Pools, Isolated OOD, and Heuristic Metadata (v2)
2026-10-06 19:53:55,288 [INFO] Loaded 84,004 total interim records.
2026-10-06 19:54:32,284 [INFO] Memulai Phase 10: Build Leakage-Safe Pools, Isolated OOD, and Heuristic Metadata (v2)
2026-10-06 19:54:32,501 [INFO] Loaded 84,004 total interim records.
2026-10-06 19:54:35,475 [INFO] Detecting brand entities vs lexical gambling signals...
2026-10-06 19:54:40,489 [INFO] Saved data/audit/campaign_entity_report_v2.csv
2026-10-06 19:54:40,490 [INFO] Classifying promotion_type_heuristic...
2026-10-06 19:54:57,744 [INFO] Memulai Phase 10: Build Leakage-Safe Pools, Isolated OOD, and Heuristic Metadata (v2)
2026-10-06 19:54:58,113 [INFO] Loaded 84,004 total interim records.
2026-10-06 19:55:01,796 [INFO] Detecting brand entities vs lexical gambling signals...
2026-10-06 19:55:07,234 [INFO] Saved data/audit/campaign_entity_report_v2.csv
2026-10-06 19:55:07,234 [INFO] Classifying promotion_type_heuristic...
2026-10-06 19:55:29,118 [INFO] Memulai Phase 10: Build Leakage-Safe Pools, Isolated OOD, and Heuristic Metadata (v2)
2026-10-06 19:55:29,337 [INFO] Loaded 84,004 total interim records.
2026-10-06 19:55:32,430 [INFO] Detecting brand entities vs lexical gambling signals...
2026-10-06 19:55:37,478 [INFO] Saved data/audit/campaign_entity_report_v2.csv
2026-10-06 19:55:37,478 [INFO] Classifying promotion_type_heuristic...
2026-10-06 19:55:43,775 [INFO] Selecting canonical representatives per exact group...
2026-10-06 19:55:48,213 [INFO] Saved data/processed/canonical_dataset_v2.csv (48,051 records).
2026-10-06 19:55:49,486 [INFO] Saved data/processed/clean_pool_v2.csv (48,054 records).
2026-10-06 19:55:49,510 [INFO] Saved data/review/label_review_queue_v2.csv (6 records).
2026-10-06 19:55:49,520 [INFO] Saved data/review/data_quality_review_queue_v2.csv (2 records).
2026-10-06 19:55:49,520 [INFO] Building Layer 2: main_pool_candidate_v2.csv...
2026-10-06 19:55:50,672 [INFO] Saved data/processed/main_pool_candidate_v2.csv (41,152 records).
2026-10-06 19:55:50,672 [INFO] Generating main_pool_source_coverage_v2.csv...
2026-10-06 19:55:53,238 [INFO] Saved data/audit/main_pool_source_coverage_v2.csv
2026-10-06 19:55:53,238 [INFO] Constructing isolated OOD DS3 candidate...
2026-10-06 19:55:53,466 [INFO] Saved data/processed/ood_ds3_candidate_v2.csv (2,689 strictly isolated records).
2026-10-06 19:55:53,471 [INFO] Saved data/audit/ood_ds3_overlap_examples_v2.csv
2026-10-06 19:55:53,486 [INFO] Saved data/audit/ood_ds3_filter_report_v2.csv
2026-10-06 19:55:53,486 [INFO] Constructing external DS5 candidate and auditing overlap...
2026-10-06 19:55:53,587 [INFO] Saved data/audit/ds5_overlap_with_main_pool_v2.csv
2026-10-06 19:55:53,688 [INFO] Saved data/processed/external_ds5_candidate_v2.csv (4,202 records).
2026-10-06 19:55:54,391 [INFO] Saved data/processed/full_pool_master_v2.pkl
